// Jest Snapshot v1, https://goo.gl/fbAQLP

exports[`AgeGenderView AgeGenderView snapshoot 1`] = `
<View
  style={
    {
      "flexDirection": "row",
      "justifyContent": "space-evenly",
    }
  }
>
  <View
    style={
      [
        {
          "borderRadius": 11,
          "marginHorizontal": 4,
          "padding": 8,
        },
        {
          "backgroundColor": "#07D6F2",
        },
      ]
    }
    testID="AgeGenderViewYear"
  >
    <Text
      style={
        {
          "color": "#212121",
          "fontFamily": "Roboto",
          "fontSize": 12,
          "fontStyle": "normal",
          "fontWeight": "400",
          "lineHeight": 14,
          "textAlign": "center",
        }
      }
    >
      69BBY
       
    </Text>
  </View>
  <View
    style={
      [
        {
          "borderRadius": 11,
          "marginHorizontal": 4,
          "padding": 8,
        },
        {
          "backgroundColor": "#73D677",
        },
      ]
    }
    testID="AgeGenderViewGender"
  >
    <Text
      style={
        {
          "color": "#212121",
          "fontFamily": "Roboto",
          "fontSize": 12,
          "fontStyle": "normal",
          "fontWeight": "400",
          "lineHeight": 14,
          "textAlign": "center",
        }
      }
    >
      male
       
    </Text>
  </View>
</View>
`;
